// Jest Snapshot v1, https://goo.gl/fbAQLP

exports[`Button Component should match the Button snapshot 1`] = `
<ButtonGoup>
  <div
    className="field is-grouped is-grouped-multiline has-text-centered"
  >
    <p
      className="control"
    >
      <button
        className="button"
        onClick={[Function]}
        value="😂"
      >
        😂
      </button>
    </p>
    <p
      className="control"
    >
      <button
        className="button"
        onClick={[Function]}
        value="😘"
      >
        😘
      </button>
    </p>
    <p
      className="control"
    >
      <button
        className="button"
        onClick={[Function]}
        value="😢"
      >
        😢
      </button>
    </p>
    <p
      className="control"
    >
      <button
        className="button"
        onClick={[Function]}
        value="🙈"
      >
        🙈
      </button>
    </p>
    <p
      className="control"
    >
      <button
        className="button"
        onClick={[Function]}
        value="✊"
      >
        ✊
      </button>
    </p>
    <p
      className="control"
    >
      <button
        className="button"
        onClick={[Function]}
        value="⚡"
      >
        ⚡
      </button>
    </p>
    <p
      className="control"
    >
      <button
        className="button"
        onClick={[Function]}
        value="💓"
      >
        💓
      </button>
    </p>
    <p
      className="control"
    >
      <button
        className="button"
        onClick={[Function]}
        value="💦"
      >
        💦
      </button>
    </p>
    <p
      className="control"
    >
      <button
        className="button"
        onClick={[Function]}
        value="💅"
      >
        💅
      </button>
    </p>
    <p
      className="control"
    >
      <button
        className="button"
        onClick={[Function]}
        value="🔪"
      >
        🔪
      </button>
    </p>
    <p
      className="control"
    >
      <button
        className="button"
        onClick={[Function]}
        value="🔥"
      >
        🔥
      </button>
    </p>
    <p
      className="control"
    >
      <button
        className="button"
        onClick={[Function]}
        value="🖕"
      >
        🖕
      </button>
    </p>
  </div>
</ButtonGoup>
`;
